src/components/admin/borrowing/BorrowingDetailModal.tsx(24,5): error TS6133: 'onAlert' is declared but its value is never read.
src/components/admin/borrowing/BorrowingTable.tsx(14,110): error TS6133: 'onAlert' is declared but its value is never read.
src/components/admin/borrowing/NewBorrowModal.tsx(1,17): error TS6133: 'useState' is declared but its value is never read.
src/components/admin/dashboard/TopBrokenList.tsx(21,27): error TS6133: 'opacityClass' is declared but its value is never read.
src/components/admin/reports/DamageReportTable.tsx(2,10): error TS1484: 'DamageReport' is a type and must be imported using a type-only import when 'verbatimModuleSyntax' is enabled.
src/components/common/RoleDebugger.tsx(23,7): error TS2591: Cannot find name 'process'. Do you need to install type definitions for node? Try `npm i --save-dev @types/node` and then add 'node' to the types field in your tsconfig.
src/components/common/SearchBar.tsx(3,1): error TS6133: 'Button' is declared but its value is never read.
src/components/lecturer/equipment/EquipmentGrid.tsx(3,15): error TS2305: Module '"@/components/shared/equipment/EquipmentGrid"' has no exported member 'EquipmentItem'.
src/components/lecturer/equipment/EquipmentGrid.tsx(3,30): error TS2305: Module '"@/components/shared/equipment/EquipmentGrid"' has no exported member 'EquipmentType'.
src/components/lecturer/equipment/EquipmentGrid.tsx(3,45): error TS2305: Module '"@/components/shared/equipment/EquipmentGrid"' has no exported member 'LocationKey'.
src/components/lecturer/equipment/index.ts(5,15): error TS2305: Module '"@/components/shared/equipment/EquipmentGrid"' has no exported member 'EquipmentItem'.
src/components/lecturer/equipment/index.ts(5,30): error TS2305: Module '"@/components/shared/equipment/EquipmentGrid"' has no exported member 'EquipmentType'.
src/components/lecturer/equipment/index.ts(5,45): error TS2305: Module '"@/components/shared/equipment/EquipmentGrid"' has no exported member 'LocationKey'.
src/components/shared/equipment/index.ts(5,15): error TS2305: Module '"./EquipmentGrid"' has no exported member 'EquipmentItem'.
src/components/shared/equipment/index.ts(5,30): error TS2305: Module '"./EquipmentGrid"' has no exported member 'EquipmentType'.
src/components/shared/equipment/index.ts(5,45): error TS2305: Module '"./EquipmentGrid"' has no exported member 'LocationKey'.
src/components/technician/equipment/AddEquipmentModal.tsx(3,3): error TS1484: 'Asset' is a type and must be imported using a type-only import when 'verbatimModuleSyntax' is enabled.
src/components/technician/equipment/AddEquipmentModal.tsx(3,10): error TS1484: 'AssetCategory' is a type and must be imported using a type-only import when 'verbatimModuleSyntax' is enabled.
src/components/technician/equipment/AddEquipmentModal.tsx(3,25): error TS1484: 'AssetStatus' is a type and must be imported using a type-only import when 'verbatimModuleSyntax' is enabled.
src/components/technician/equipment/AssetDetailModal.tsx(2,10): error TS1484: 'Asset' is a type and must be imported using a type-only import when 'verbatimModuleSyntax' is enabled.
src/components/technician/equipment/AssetEditModal.tsx(2,10): error TS1484: 'Asset' is a type and must be imported using a type-only import when 'verbatimModuleSyntax' is enabled.
src/components/technician/equipment/AssetEditModal.tsx(2,17): error TS1484: 'AssetCategory' is a type and must be imported using a type-only import when 'verbatimModuleSyntax' is enabled.
src/components/technician/equipment/AssetEditModal.tsx(2,32): error TS1484: 'AssetStatus' is a type and must be imported using a type-only import when 'verbatimModuleSyntax' is enabled.
src/components/technician/equipment/AssetGrid.tsx(2,10): error TS1484: 'Asset' is a type and must be imported using a type-only import when 'verbatimModuleSyntax' is enabled.
src/components/technician/equipment/EquipmentSidebar.tsx(2,10): error TS1484: 'AssetCategory' is a type and must be imported using a type-only import when 'verbatimModuleSyntax' is enabled.
src/components/technician/handover/HandoverTabBar.tsx(2,10): error TS1484: 'HandoverTab' is a type and must be imported using a type-only import when 'verbatimModuleSyntax' is enabled.
src/components/technician/task-details/StatusUpdate.tsx(2,10): error TS1484: 'Task' is a type and must be imported using a type-only import when 'verbatimModuleSyntax' is enabled.
src/components/technician/task-details/TaskActions.tsx(2,10): error TS1484: 'Task' is a type and must be imported using a type-only import when 'verbatimModuleSyntax' is enabled.
src/components/technician/task-details/TaskActions.tsx(16,9): error TS6133: 'navigate' is declared but its value is never read.
src/components/technician/task-details/TaskHeader.tsx(1,10): error TS1484: 'Task' is a type and must be imported using a type-only import when 'verbatimModuleSyntax' is enabled.
src/components/technician/task-details/TaskInfo.tsx(1,10): error TS1484: 'Task' is a type and must be imported using a type-only import when 'verbatimModuleSyntax' is enabled.
src/components/technician/tickets/TicketActionModals.tsx(2,10): error TS1484: 'Ticket' is a type and must be imported using a type-only import when 'verbatimModuleSyntax' is enabled.
src/components/technician/tickets/TicketApproveModal.tsx(2,10): error TS1484: 'Ticket' is a type and must be imported using a type-only import when 'verbatimModuleSyntax' is enabled.
src/components/technician/tickets/TicketRejectModal.tsx(2,10): error TS1484: 'Ticket' is a type and must be imported using a type-only import when 'verbatimModuleSyntax' is enabled.
src/components/technician/tickets/TicketTable.tsx(3,3): error TS1484: 'Ticket' is a type and must be imported using a type-only import when 'verbatimModuleSyntax' is enabled.
src/components/technician/tickets/TicketTable.tsx(4,3): error TS1484: 'TicketStatus' is a type and must be imported using a type-only import when 'verbatimModuleSyntax' is enabled.
src/components/technician/tickets/TicketViewModal.tsx(2,10): error TS1484: 'Ticket' is a type and must be imported using a type-only import when 'verbatimModuleSyntax' is enabled.
src/components/ui/primary-button.tsx(1,1): error TS6133: 'Children' is declared but its value is never read.
src/components/ui/SwitchMode.tsx(13,11): error TS6133: 'theme' is declared but its value is never read.
src/data/admin/mockAdminBorrowing.ts(1,10): error TS1484: 'BorrowRecord' is a type and must be imported using a type-only import when 'verbatimModuleSyntax' is enabled.
src/data/admin/mockAdminEquipment.ts(1,10): error TS1484: 'Asset' is a type and must be imported using a type-only import when 'verbatimModuleSyntax' is enabled.
src/data/admin/mockAdminNotifications.ts(1,10): error TS1484: 'Notification' is a type and must be imported using a type-only import when 'verbatimModuleSyntax' is enabled.
src/data/admin/mockAdminReports.ts(1,10): error TS1484: 'DamageReport' is a type and must be imported using a type-only import when 'verbatimModuleSyntax' is enabled.
src/data/admin/mockAdminUsers.ts(1,10): error TS1484: 'AdminUser' is a type and must be imported using a type-only import when 'verbatimModuleSyntax' is enabled.
src/data/technician/mockTasks.ts(1,10): error TS1484: 'Task' is a type and must be imported using a type-only import when 'verbatimModuleSyntax' is enabled.
src/hooks/technician/useTaskUpdate.ts(2,10): error TS1484: 'UpdateTaskPayload' is a type and must be imported using a type-only import when 'verbatimModuleSyntax' is enabled.
src/pages/admin/AdminNotifications.tsx(4,10): error TS1484: 'NotifType' is a type and must be imported using a type-only import when 'verbatimModuleSyntax' is enabled.
src/pages/guest/GuestReportPage.tsx(48,12): error TS2678: Type '"it"' is not comparable to type 'IssueCategory'.
src/pages/guest/GuestReportPage.tsx(50,12): error TS2678: Type '"electrical"' is not comparable to type 'IssueCategory'.
src/pages/guest/GuestReportPage.tsx(51,12): error TS2678: Type '"plumbing"' is not comparable to type 'IssueCategory'.
src/pages/guest/GuestReportPage.tsx(52,12): error TS2678: Type '"furniture"' is not comparable to type 'IssueCategory'.
src/pages/lecturer/ApprovalCenter.tsx(4,26): error TS1484: 'StatusFilter' is a type and must be imported using a type-only import when 'verbatimModuleSyntax' is enabled.
src/pages/lecturer/ApprovalCenter.tsx(4,40): error TS1484: 'TypeFilter' is a type and must be imported using a type-only import when 'verbatimModuleSyntax' is enabled.
src/pages/lecturer/MyHistory.tsx(350,41): error TS2322: Type 'ReportHistoryItem[]' is not assignable to type 'Report[]'.
  Type 'ReportHistoryItem' is missing the following properties from type 'Report': _id, type
src/pages/lecturer/MyHistory.tsx(355,72): error TS2345: Argument of type '{ type: "report"; item: Report; }' is not assignable to parameter of type 'SetStateAction<ModalItem | null>'.
  Types of property 'item' are incompatible.
    Type 'Report' is missing the following properties from type 'ReportHistoryItem': id, date, category, icon, and 3 more.
src/pages/lecturer/types.ts(2,13): error TS1294: This syntax is not allowed when 'erasableSyntaxOnly' is enabled.
src/pages/lecturer/UsageStatsCenter.tsx(5,23): error TS1484: 'Period' is a type and must be imported using a type-only import when 'verbatimModuleSyntax' is enabled.
src/pages/lecturer/UsageStatsCenter.tsx(6,25): error TS1484: 'SubjectData' is a type and must be imported using a type-only import when 'verbatimModuleSyntax' is enabled.
src/pages/lecturer/UsageStatsCenter.tsx(7,24): error TS1484: 'MetricItem' is a type and must be imported using a type-only import when 'verbatimModuleSyntax' is enabled.
src/pages/shared/NotificationsPage.tsx(4,34): error TS2307: Cannot find module '@/components/lecturer/navbar/NotificationPanel' or its corresponding type declarations.
src/pages/student/BorrowHistoryPage.tsx(1,1): error TS6133: 'React' is declared but its value is never read.
src/pages/student/ReportPage.tsx(53,12): error TS2678: Type '"it"' is not comparable to type 'IssueCategory'.
src/pages/student/ReportPage.tsx(55,12): error TS2678: Type '"electrical"' is not comparable to type 'IssueCategory'.
src/pages/student/ReportPage.tsx(56,12): error TS2678: Type '"plumbing"' is not comparable to type 'IssueCategory'.
src/pages/student/ReportPage.tsx(57,12): error TS2678: Type '"furniture"' is not comparable to type 'IssueCategory'.
src/pages/technician/TaskDetails.tsx(6,10): error TS1484: 'Task' is a type and must be imported using a type-only import when 'verbatimModuleSyntax' is enabled.
src/pages/technician/TechnicianNotifications.tsx(3,30): error TS1484: 'Notification' is a type and must be imported using a type-only import when 'verbatimModuleSyntax' is enabled.
src/pages/technician/TechnicianNotifications.tsx(3,44): error TS1484: 'NotifType' is a type and must be imported using a type-only import when 'verbatimModuleSyntax' is enabled.
src/stores/useRoomStore.ts(67,38): error TS2339: Property 'getByBuildingId' does not exist on type '{ getAll: () => Promise<Room[]>; getById: (id: string) => Promise<Room>; getStatusCenter: (params?: any) => Promise<BuildingGroup[]>; create: (payload: CreateRoomPayload) => Promise<...>; update: (id: string, payload: Partial<...>) => Promise<...>; delete: (id: string) => Promise<...>; }'.
