
> backend@1.0.0 test
> vitest run


[1m[46m RUN [49m[22m [36mv4.1.0 [39m[90mF:/project/FEMS/backend[39m

[90mstdout[2m | tests/authService.test.js
[22m[39m[dotenv@17.2.3] injecting env (9) from .env -- tip: â™ï¸  specify custom .env file path with { path: '/custom/path/.env' }

[90mstdout[2m | tests/authService.test.js[2m > [22m[2mauthService Unit Tests[2m > [22m[2msignUp()[2m > [22m[2mshould throw "All fields are required" if any field is missing (BVA)
[22m[39mđŸ§ª Test: signUp with missing fields

[90mstdout[2m | tests/authService.test.js[2m > [22m[2mauthService Unit Tests[2m > [22m[2msignUp()[2m > [22m[2mshould throw "User already exists" if email is taken (Decision: User exists)
[22m[39mđŸ§ª Test: signUp with existing email

[90mstdout[2m | tests/authService.test.js[2m > [22m[2mauthService Unit Tests[2m > [22m[2msignUp()[2m > [22m[2mshould create a user successfully (Decision: User does not exist)
[22m[39mđŸ§ª Test: signUp success

[90mstdout[2m | tests/authService.test.js[2m > [22m[2mauthService Unit Tests[2m > [22m[2msignIn()[2m > [22m[2mshould throw "Username or Email is required" if username is empty (BVA)
[22m[39mđŸ§ª Test: signIn BVA - empty username
[DEBUG] Validation failed: [90mundefined[39m

node.exe : [90mstderr[2m | 
tests/authService.test.js[2m > [22m[2mauthService 
Unit Tests[2m > [22m[2msignIn()[2m > 
[22m[2mshould throw "Username or Email is required" 
if username is empty (BVA)
At line:1 char:1
+ & "C:\Program Files\nodejs/node.exe" "C:\Program 
Files\nodejs/node_mo ...
+ ~~~~~~~~~~~~~~~~~~~~~~~~~~~~~~~~~~~~~~~~~~~~~~~~~~~~
~~~~~~~~~~~~~~~~~
    + CategoryInfo          : NotSpecified: 
([90mstde    rr[2m... is empty (BVA):String) [], 
RemoteExcepti    on
    + FullyQualifiedErrorId : NativeCommandError
 
[22m[39m[AUTH] Login Attempt: INVALID_INPUT. Error: 
[
  {
    "origin": "string",
    "code": "too_small",
    "minimum": 1,
    "inclusive": true,
    "path": [
      "username"
    ],
    "message": "Username or Email is required"
  }
]

[90mstdout[2m | tests/authService.test.js[2m > [22m[2mauthService Unit Tests[2m > [22m[2msignIn()[2m > [22m[2mshould throw "Password is required" if password is empty (BVA)
[22m[39mđŸ§ª Test: signIn BVA - empty password
[DEBUG] Validation failed: [90mundefined[39m

[90mstderr[2m | tests/authService.test.js[2m > 
[22m[2mauthService Unit Tests[2m > 
[22m[2msignIn()[2m > [22m[2mshould throw 
"Password is required" if password is empty (BVA)
[22m[39m[AUTH] Login Attempt: INVALID_INPUT. Error: 
[
  {
    "origin": "string",
    "code": "too_small",
    "minimum": 1,
    "inclusive": true,
    "path": [
      "password"
    ],
    "message": "Password is required"
  }
]

[90mstdout[2m | tests/authService.test.js[2m > [22m[2mauthService Unit Tests[2m > [22m[2msignIn()[2m > [22m[2mshould throw "Invalid username or email" if user does not exist (Decision: User found = false)
[22m[39mđŸ§ª Test: signIn Decision - user not found
[DEBUG] Validation success: {"username":"testuser","password":"password123"}
[AUTH] Login Attempt: testuser

[90mstderr[2m | tests/authService.test.js[2m > 
[22m[2mauthService Unit Tests[2m > 
[22m[2msignIn()[2m > [22m[2mshould throw 
"Invalid username or email" if user does not exist 
(Decision: User found = false)
[22m[39m[AUTH] Login Fail: USER_NOT_FOUND - testuser

[90mstdout[2m | tests/authService.test.js[2m > [22m[2mauthService Unit Tests[2m > [22m[2msignIn()[2m > [22m[2mshould throw "account is deactivated" if user.isActive is false (Decision: isActive = false)
[22m[39mđŸ§ª Test: signIn Decision - inactive user
[DEBUG] Validation success: {"username":"testuser","password":"password123"}
[AUTH] Login Attempt: testuser

[90mstderr[2m | tests/authService.test.js[2m > 
[22m[2mauthService Unit Tests[2m > 
[22m[2msignIn()[2m > [22m[2mshould throw 
"account is deactivated" if user.isActive is false 
(Decision: isActive = false)
[22m[39m[AUTH] Login Fail: USER_INACTIVE - testuser

[90mstdout[2m | tests/authService.test.js[2m > [22m[2mauthService Unit Tests[2m > [22m[2msignIn()[2m > [22m[2mshould throw "Invalid password" if password check fails (Decision: password valid = false)
[22m[39mđŸ§ª Test: signIn Decision - invalid password
[DEBUG] Validation success: {"username":"testuser","password":"password123"}
[AUTH] Login Attempt: testuser

[90mstderr[2m | tests/authService.test.js[2m > 
[22m[2mauthService Unit Tests[2m > 
[22m[2msignIn()[2m > [22m[2mshould throw 
"Invalid password" if password check fails (Decision: 
password valid = false)
[22m[39m[AUTH] Login Fail: INVALID_PASSWORD - 
testuser

[90mstdout[2m | tests/authService.test.js[2m > [22m[2mauthService Unit Tests[2m > [22m[2msignIn()[2m > [22m[2mshould return success and tokens if all checks pass (Decision: Success Path)
[22m[39mđŸ§ª Test: signIn Decision - Success Flow 100% Coverage reached
[DEBUG] Validation success: {"username":"testuser","password":"password123"}
[AUTH] Login Attempt: testuser

[90mstdout[2m | tests/authService.test.js[2m > [22m[2mauthService Unit Tests[2m > [22m[2msignIn()[2m > [22m[2mshould return success and tokens if all checks pass (Decision: Success Path)
[22m[39m[AUTH] Login Success: testuser (Role: student)

[90mstdout[2m | tests/authService.test.js[2m > [22m[2mauthService Unit Tests[2m > [22m[2mforgotPassword()[2m > [22m[2mshould throw "Email does not exist" if user not found
[22m[39mđŸ§ª Test: forgotPassword with non-existent email

[90mstdout[2m | tests/authService.test.js[2m > [22m[2mauthService Unit Tests[2m > [22m[2mforgotPassword()[2m > [22m[2mshould throw "Too many requests" if rate limit > 5 (Decision: Rate limit exceeded)
[22m[39mđŸ§ª Test: forgotPassword rate limit exceeded (6th attempt)

[90mstdout[2m | tests/authService.test.js[2m > [22m[2mauthService Unit Tests[2m > [22m[2mforgotPassword()[2m > [22m[2mshould generate token and send email successfully (Success Flow)
[22m[39mđŸ§ª Test: forgotPassword success

[90mstdout[2m | tests/authService.test.js[2m > [22m[2mauthService Unit Tests[2m > [22m[2mforgotPassword()[2m > [22m[2mshould reset attempts if 30-minute window passed (Decision: Window expired)
[22m[39mđŸ§ª Test: forgotPassword window reset after 40 mins

[90mstdout[2m | tests/authService.test.js[2m > [22m[2mauthService Unit Tests[2m > [22m[2mchangePassword()[2m > [22m[2mshould throw error if input is missing (BVA)
[22m[39mđŸ§ª Test: changePassword missing input

[90mstdout[2m | tests/authService.test.js[2m > [22m[2mauthService Unit Tests[2m > [22m[2mchangePassword()[2m > [22m[2mshould throw error if new password is too short (BVA - under limit)
[22m[39mđŸ§ª Test: changePassword BVA - password too short (length 5)

[90mstdout[2m | tests/authService.test.js[2m > [22m[2mauthService Unit Tests[2m > [22m[2mchangePassword()[2m > [22m[2mshould throw "Incorrect current password" if check fails (Decision)
[22m[39mđŸ§ª Test: changePassword Decision - incorrect current password

[90mstdout[2m | tests/authService.test.js[2m > [22m[2mauthService Unit Tests[2m > [22m[2mchangePassword()[2m > [22m[2mshould succeed if password is exactly 6 chars (BVA - boundary)
[22m[39mđŸ§ª Test: changePassword BVA - boundary length 6

[90mstdout[2m | tests/authService.test.js[2m > [22m[2mauthService Unit Tests[2m > [22m[2mchangePassword()[2m > [22m[2mshould succeed and clear sessions on valid input (Success Path)
[22m[39mđŸ§ª Test: changePassword Success - Decision Coverage 100%

 [31mâ¯[39m tests/authService.test.js [2m([22m[2m18 tests[22m[2m | [22m[31m2 failed[39m[2m)[22m[32m 61[2mms[22m[39m
       [32mâœ“[39m should throw "All fields are required" if any field is missing (BVA)[32m 5[2mms[22m[39m
       [32mâœ“[39m should throw "User already exists" if email is taken (Decision: User exists)[32m 4[2mms[22m[39m
       [32mâœ“[39m should create a user successfully (Decision: User does not exist)[32m 3[2mms[22m[39m
[31m       [31mĂ—[31m should throw "Username or Email is required" if username is empty (BVA)[39m[32m 9[2mms[22m[39m
[31m       [31mĂ—[31m should throw "Password is required" if password is empty (BVA)[39m[32m 3[2mms[22m[39m
       [32mâœ“[39m should throw "Invalid username or email" if user does not exist (Decision: User found = false)[32m 2[2mms[22m[39m
       [32mâœ“[39m should throw "account is deactivated" if user.isActive is false (Decision: isActive = false)[32m 2[2mms[22m[39m
       [32mâœ“[39m should throw "Invalid password" if password check fails (Decision: password valid = false)[32m 7[2mms[22m[39m
       [32mâœ“[39m should return success and tokens if all checks pass (Decision: Success Path)[32m 3[2mms[22m[39m
       [32mâœ“[39m should throw "Email does not exist" if user not found[32m 3[2mms[22m[39m
       [32mâœ“[39m should throw "Too many requests" if rate limit > 5 (Decision: Rate limit exceeded)[32m 3[2mms[22m[39m
       [32mâœ“[39m should generate token and send email successfully (Success Flow)[32m 3[2mms[22m[39m
       [32mâœ“[39m should reset attempts if 30-minute window passed (Decision: Window expired)[32m 2[2mms[22m[39m
       [32mâœ“[39m should throw error if input is missing (BVA)[32m 2[2mms[22m[39m
       [32mâœ“[39m should throw error if new password is too short (BVA - under limit)[32m 2[2mms[22m[39m
       [32mâœ“[39m should throw "Incorrect current password" if check fails (Decision)[32m 2[2mms[22m[39m
       [32mâœ“[39m should succeed if password is exactly 6 chars (BVA - boundary)[32m 2[2mms[22m[39m
       [32mâœ“[39m should succeed and clear sessions on valid input (Success Path)[32m 2[2mms[22m[39m

[31mâ¯â¯â¯â¯â¯â¯â¯[39m[1m[41m Failed Tests 
2 [49m[22m[31mâ¯â¯â¯â¯â¯â¯â¯[39m

[41m[1m FAIL [22m[49m 
tests/authService.test.js[2m > [22mauthService Unit 
Tests[2m > [22msignIn()[2m > [22mshould throw 
"Username or Email is required" if username is empty 
(BVA)
[31m[1mAssertionError[22m: expected [Function] to 
throw error including 'Username or Email is required' 
but got 'Cannot read properties of undefined 
(â€¦'[39m

Expected: [32m"Username or Email is required"[39m
Received: [31m"Cannot read properties of undefined 
(reading '0')"[39m

[36m [2mâ¯[22m 
tests/authService.test.js:[2m94:9[22m[39m
    [90m 92|[39m       
console[33m.[39m[34mlog[39m([32m'đŸ§ª Test: 
signIn BVA - empty username'[39m)
    [90m 93|[39m       await 
expect(authService.signIn({ username: '', password: 
'123' â€¦
    [90m 94|[39m         [33m.[39mrejects[33m.[3
9m[34mtoThrow[39m([32m'Username or Email is 
required'[39m)
    [90m   |[39m         [31m^[39m
    [90m 95|[39m     })
    [90m 96|[39m

[31m[2mâ¯â¯â¯â¯â¯â¯â¯â¯â¯â¯â¯â¯â¯â¯â¯
â¯â¯â¯â¯â¯â¯â¯â¯â¯[1/2]â¯[22m[39m

[41m[1m FAIL [22m[49m 
tests/authService.test.js[2m > [22mauthService Unit 
Tests[2m > [22msignIn()[2m > [22mshould throw 
"Password is required" if password is empty (BVA)

[2m Test Files [22m [1m[31m1 failed[39m[22m[90m (1)[39m
[2m      Tests [22m [1m[31m2 failed[39m[22m[2m | [22m[1m[32m16 passed[39m[22m[90m (18)[39m
[2m   Start at [22m 06:36:05
[2m   Duration [22m 1.11s[2m (transform 87ms, setup 0ms, import 906ms, tests 61ms, environment 0ms)[22m

[31m[1mAssertionError[22m: expected [Function] to 
throw error including 'Password is required' but got 
'Cannot read properties of undefined (â€¦'[39m

Expected: [32m"Password is required"[39m
Received: [31m"Cannot read properties of undefined 
(reading '0')"[39m

[36m [2mâ¯[22m 
tests/authService.test.js:[2m100:9[22m[39m
    [90m 98|[39m       
console[33m.[39m[34mlog[39m([32m'đŸ§ª Test: 
signIn BVA - empty password'[39m)
    [90m 99|[39m       await 
expect(authService.signIn({ username: 'user', 
password: ''â€¦
    [90m100|[39m         [33m.[39mrejects[33m.[3
9m[34mtoThrow[39m([32m'Password is required'[39m)
    [90m   |[39m         [31m^[39m
    [90m101|[39m     })
    [90m102|[39m

[31m[2mâ¯â¯â¯â¯â¯â¯â¯â¯â¯â¯â¯â¯â¯â¯â¯
â¯â¯â¯â¯â¯â¯â¯â¯â¯[2/2]â¯[22m[39m

